
### 1+0 trajectory (G=300 games, 40 own moves, clock drains to 5 %)
k  ply clock_s  inst%  prem%  sub2s%    p50   gmean
 0   0    60.0   35.3    0.0    71.3   1405    1697
 1   2    58.5   25.0    0.0    59.7   1641    1926
 2   4    57.1    8.7    0.0    42.3   2297    2666
 3   6    55.6   23.0    0.0    46.0   2269    2652
 4   8    54.2   11.3    0.0    39.0   2524    2829
 5  10    52.7    8.0    0.0    34.0   2902    3161
 6  12    51.2   15.0    0.0    41.0   2320    2673
 7  14    49.8    7.0    0.0    31.3   3017    3309
 8  16    48.3    1.3    0.0    34.0   2635    3181
 9  18    46.8    3.7    0.0    37.7   2614    3197
10  20    45.4    3.3    0.0    44.0   2231    2777
11  22    43.9    2.0    0.0    40.3   2382    2824
12  24    42.5    4.0    0.0    38.7   2409    3049
13  26    41.0    4.0    0.0    41.0   2323    2772
14  28    39.5    5.7    0.0    43.0   2276    2716
15  30    38.1    6.0    0.0    46.7   2151    2489
16  32    36.6    8.3    0.0    50.0   2010    2372
17  34    35.2    4.0    0.0    50.7   1993    2406
18  36    33.7    8.7    0.0    56.7   1782    2086
19  38    32.2    5.0    0.0    50.7   1963    2243
20  40    30.8   10.7    0.0    60.3   1574    1938
21  42    29.3   17.3    0.0    65.7   1461    1643
22  44    27.8    8.3    0.0    59.3   1752    1774
23  46    26.4   12.0    0.0    72.7   1341    1517
24  48    24.9   13.7    0.0    70.3   1427    1519
25  50    23.5   11.3    0.0    74.3   1320    1440
26  52    22.0   14.7    0.0    75.7   1356    1406
27  54    20.5   16.7    0.0    75.7   1245    1368
28  56    19.1   18.7    0.0    78.3   1212    1325
29  58    17.6   24.7    0.0    84.0   1101    1216
30  60    16.2   22.3    0.0    89.3   1121    1196
31  62    14.7   15.7    0.0    92.0   1135    1204
32  64    13.2   15.7    0.0   100.0   1117    1157
33  66    11.8   14.0    0.0   100.0   1103    1117
34  68    10.3   15.0    0.0   100.0   1019    1018
35  70     8.8   14.7    0.0   100.0    938     921
36  72     7.4   15.7    0.0   100.0    860     851
37  74     5.9   15.3    0.0   100.0    756     750
38  76     4.5   25.0    0.0   100.0    595     590
39  78     3.0   23.0    0.0   100.0    401     395

### 3+0 trajectory (G=300 games, 40 own moves, clock drains to 5 %)
k  ply clock_s  inst%  prem%  sub2s%    p50   gmean
 0   0   180.0   27.7    0.0    72.0   1499    1618
 1   2   175.6   10.3    0.0    66.0   1664    1717
 2   4   171.2    1.0    0.0    36.3   2491    2662
 3   6   166.8    3.3    0.0    25.7   2992    3198
 4   8   162.5    5.3    0.0    28.3   2848    3163
 5  10   158.1    0.7    0.0    22.7   2852    3241
 6  12   153.7    1.3    0.0    24.7   3477    3670
 7  14   149.3    1.3    0.0    21.7   3608    3854
 8  16   144.9    0.7    0.0    21.7   3585    3960
 9  18   140.5    1.3    0.0    24.0   3595    3837
10  20   136.2    1.3    0.0    23.3   3331    3757
11  22   131.8    2.0    0.0    30.7   3205    3593
12  24   127.4    2.7    0.0    28.7   3317    3668
13  26   123.0    3.3    0.0    33.0   2749    3481
14  28   118.6    9.3    0.0    37.3   2617    3267
15  30   114.2    6.7    0.0    39.0   2690    3180
16  32   109.8    6.7    0.0    37.3   2832    3232
17  34   105.5    7.0    0.0    40.3   2484    3019
18  36   101.1    9.3    0.0    40.7   2438    2802
19  38    96.7    6.3    0.0    44.3   2332    2838
20  40    92.3    8.0    0.0    46.7   2151    2793
21  42    87.9   13.0    0.0    52.7   1905    2363
22  44    83.5   11.3    0.0    48.0   2129    2663
23  46    79.2   13.7    0.0    54.7   1746    2341
24  48    74.8   16.0    0.0    56.3   1784    2244
25  50    70.4   11.0    0.0    57.3   1700    2156
26  52    66.0   14.7    0.0    60.7   1576    2151
27  54    61.6   14.7    0.0    61.7   1596    2039
28  56    57.2   16.7    0.0    63.0   1515    1900
29  58    52.8   19.3    0.0    64.0   1462    1927
30  60    48.5   19.0    0.0    67.3   1378    1761
31  62    44.1   19.0    0.0    64.0   1442    1835
32  64    39.7   18.3    0.0    74.3   1257    1605
33  66    35.3   22.0    0.0    74.0   1291    1563
34  68    30.9   30.3    0.0    75.0   1181    1488
35  70    26.5   34.7    0.0    84.7   1076    1218
36  72    22.2   42.0    0.0    90.3   1053    1145
37  74    17.8   42.7    0.0    91.3   1004    1083
38  76    13.4   44.0    0.0   100.0    995    1043
39  78     9.0   47.7    0.0   100.0    936     935

### 10+0 trajectory (G=300 games, 40 own moves, clock drains to 5 %)
k  ply clock_s  inst%  prem%  sub2s%    p50   gmean
 0   0   600.0   68.7    0.0    89.0   1113    1273
 1   2   585.4    7.7    0.0    60.7   1714    1905
 2   4   570.8    1.0    0.0    50.0   2005    2121
 3   6   556.2    7.0    0.0    44.7   2139    2256
 4   8   541.5    1.0    0.0    37.0   2522    2623
 5  10   526.9    4.7    0.0    51.0   1949    2106
 6  12   512.3    5.7    0.0    52.3   1892    2062
 7  14   497.7    6.0    0.0    50.7   1986    2283
 8  16   483.1    0.3    0.0    42.7   2198    2310
 9  18   468.5    2.7    0.0    52.3   1931    2098
10  20   453.8    0.3    0.0    50.3   1994    2239
11  22   439.2    0.0    0.0    41.7   2314    2513
12  24   424.6    0.7    0.0    31.7   2823    3042
13  26   410.0    0.0    0.0    22.7   3232    3367
14  28   395.4    0.0    0.0    12.0   4459    4561
15  30   380.8    0.0    0.0    12.7   4278    4611
16  32   366.2    0.3    0.0    22.7   3295    3667
17  34   351.5    1.0    0.0    32.0   2798    2989
18  36   336.9    0.7    0.0    36.7   2571    2838
19  38   322.3    0.0    0.0    34.0   2594    3044
20  40   307.7    0.7    0.0    31.0   2731    2906
21  42   293.1    1.7    0.0    61.3   1723    1843
22  44   278.5    0.0    0.0    33.0   2597    2945
23  46   263.8    0.3    0.0    20.7   3636    3914
24  48   249.2    1.7    0.0    29.0   3087    3528
25  50   234.6    3.7    0.0    53.7   1878    2237
26  52   220.0    3.7    0.0    55.7   1793    1995
27  54   205.4    5.0    0.0    59.7   1774    1948
28  56   190.8    8.0    0.0    63.0   1514    1917
29  58   176.2   18.7    0.0    89.3   1107    1196
30  60   161.5    1.0    0.0    47.3   2073    2195
31  62   146.9    4.0    0.0    48.0   2111    2417
32  64   132.3    7.3    0.0    56.7   1827    2174
33  66   117.7   10.7    0.0    56.0   1723    2179
34  68   103.1   15.0    0.0    67.7   1300    1847
35  70    88.5   14.0    0.0    68.3   1270    1744
36  72    73.8   17.0    0.0    69.0   1329    1740
37  74    59.2   14.0    0.0    69.7   1315    1675
38  76    44.6   25.0    0.0    75.0   1143    1471
39  78    30.0   34.7    0.0    83.0   1050    1312
DONE
